// Jest Snapshot v1, https://goo.gl/fbAQLP

exports[`Component UploadForm snapshots should match snapshot for login form 1`] = `
<div class="upload-form v-card v-sheet theme--light">
  <form novalidate="novalidate" class="v-form">
    <div class="v-card__text">
      <div class="v-input theme--light v-text-field v-text-field--placeholder v-file-input">
        <div class="v-input__prepend-outer">
          <div class="v-input__icon v-input__icon--prepend"><i role="button" tabindex="0" class="v-icon notranslate v-icon--link mdi mdi-file-music theme--light"></i></div>
        </div>
        <div class="v-input__control">
          <div class="v-input__slot">
            <div class="v-text-field__slot"><label for="input-5" class="v-label v-label--active theme--light" style="left: 0px; position: absolute;">Music file</label>
              <div class="v-file-input__text v-file-input__text--placeholder">Select mp3 file</div><input accept="audio/mp3, audio/mpeg" id="input-5" placeholder="Select mp3 file" type="file">
            </div>
            <div class="v-input__append-inner">
              <div class="v-input__icon v-input__icon--"><i role="button" tabindex="0" class="v-icon notranslate v-icon--link material-icons theme--light"></i></div>
            </div>
          </div>
          <div class="v-text-field__details">
            <div class="v-messages theme--light"><span name="message-transition" tag="div" class="v-messages__wrapper"></span></div>
          </div>
        </div>
      </div>
    </div>
    <div class="v-card__text" style="display: none;">
      <div role="alert" class="v-alert v-sheet theme--dark v-alert--dense error">
        <div class="v-alert__wrapper"><i aria-hidden="true" class="v-icon notranslate v-alert__icon mdi mdi-alert theme--dark"></i>
          <div class="v-alert__content">

          </div>
        </div>
      </div>
    </div>
    <div class="v-card__actions">
      <div class="spacer"></div> <button type="submit" class="v-btn v-btn--contained theme--light v-size--default primary"><span class="v-btn__content">
        Save
      </span></button>
    </div>
  </form>
</div>
`;
