// Jest Snapshot v1, https://goo.gl/fbAQLP

exports[`Component PlayerWrap snapshots should match snapshot 1`] = `
<div class="player-wrap"><a href="/" title="Music lover"><img alt="App logo" src="@/assets/logo.svg" width="64" height="64"></a>
  <div role="list" class="v-list v-sheet v-sheet--tile theme--light v-list--rounded">
    <div role="listbox" class="v-item-group theme--light v-list-item-group primary--text">
      <div tabindex="0" role="listitem" aria-selected="false" class="v-list-item v-list-item--link theme--light">
        <div class="v-list-item__icon">
          <div role="progressbar" aria-valuemin="0" aria-valuemax="100" class="v-progress-circular v-progress-circular--indeterminate" style="height: 24px; width: 24px;"><svg xmlns="http://www.w3.org/2000/svg" viewBox="24 24 48 48" style="transform: rotate(0deg);">
              <circle fill="transparent" cx="48" cy="48" r="20" stroke-width="8" stroke-dasharray="125.664" stroke-dashoffset="125.66370614359172px" class="v-progress-circular__overlay"></circle>
            </svg>
            <div class="v-progress-circular__info"></div>
          </div>
        </div>
        <div class="v-list-item__content">
          <div class="v-list-item__title">Band 0 - Song 0</div>
        </div>
      </div>
      <div tabindex="0" role="listitem" aria-selected="false" class="v-list-item v-list-item--link theme--light">
        <div class="v-list-item__icon"><i aria-hidden="true" class="v-icon notranslate mdi mdi-check-circle theme--light"></i></div>
        <div class="v-list-item__content">
          <div class="v-list-item__title">Band 1 - Song 1</div>
        </div>
      </div>
      <div tabindex="0" role="listitem" aria-selected="false" class="v-list-item v-list-item--link theme--light">
        <div class="v-list-item__icon"><i aria-hidden="true" class="v-icon notranslate mdi mdi-cloud-download theme--light"></i></div>
        <div class="v-list-item__content">
          <div class="v-list-item__title">Band 2 - Song 2</div>
        </div>
      </div>
    </div>
  </div>
  <div class="player"><button title="Stop" type="button" class="control"><img src="" alt="stop icon" width="20" height="20">
      <!----> </button> <button title="Play/Pause" type="button" class="control"><img src="" alt="pause icon" width="20" height="20"> <img src="" alt="play icon" width="20" height="20" style="display: none;"> </button>
    <div class="time-line">
      <div title="Time played : Total time" class="time-line__progress">
        <div class="time-line__line"></div>
      </div>
      <div class="time-line__timers">
        <div class="time-line__current">00:00</div>
        <div class="time-line__total">00:00</div>
      </div>
    </div> <button title="Download" type="button" class="control"><img src="" alt="download icon" width="20" height="20">
      <!----> </button> <button title="Loop/Once" type="button" class="control"><img src="" alt="once icon" width="20" height="20"> <img src="" alt="loop icon" width="20" height="20" style="display: none;"> </button> <button title="Mute" type="button" class="control"><img src="" alt="sound icon" width="20" height="20"> <img src="" alt="mute icon" width="20" height="20" style="display: none;"> </button> <button title="Volume" type="button" class="control"><img src="" alt="volume icon" width="20" height="20">
      <!----> <input type="range" min="0" step="0.01" max="1" style="display: none;"></button>
  </div>
</div>
`;
